// Jest Snapshot v1, https://goo.gl/fbAQLP

exports[`Feed renders correctly 1`] = `
<div
  className="feed"
>
  <div
    className="feed__item"
  >
    <div
      className="feed__item-meta"
    >
      <span
        className="feed__item-meta-category"
      >
        <a
          className="feed__item-meta-category-link"
          href="/test_0"
        >
          test_0
           / 
        </a>
      </span>
    </div>
    <h2
      className="feed__item-title"
    >
      <a
        className="feed__item-title-link"
        href="undefined?ref=TogetherAtHomeClub"
        target="_blank"
      >
        test_0
      </a>
    </h2>
    <div
      className="feed__item-description"
      dangerouslySetInnerHTML={
        Object {
          "__html": "<p>test</p>",
        }
      }
    />
    <a
      className="feed__item-readmore"
      href="undefined?ref=TogetherAtHomeClub"
      target="_blank"
    >
      View More →
    </a>
    <p
      className="feed__item-deadline"
    />
  </div>
  <div
    className="feed__item"
  >
    <div
      className="feed__item-meta"
    >
      <span
        className="feed__item-meta-category"
      >
        <a
          className="feed__item-meta-category-link"
          href="/test_1"
        >
          test_1
           / 
        </a>
      </span>
    </div>
    <h2
      className="feed__item-title"
    >
      <a
        className="feed__item-title-link"
        href="https://www.apple.com?ref=TogetherAtHomeClub"
        target="_blank"
      >
        test_1
      </a>
    </h2>
    <div
      className="feed__item-description"
      dangerouslySetInnerHTML={
        Object {
          "__html": "<p>test</p>",
        }
      }
    />
    <a
      className="feed__item-readmore"
      href="https://www.apple.com?ref=TogetherAtHomeClub"
      target="_blank"
    >
      View More →
    </a>
    <p
      className="feed__item-deadline"
    >
      test
    </p>
  </div>
</div>
`;
